SLURM_JOB_ID: 55141819
SLURM_JOB_USER: vsc34807
SLURM_JOB_ACCOUNT: lp_ea_group
SLURM_JOB_NAME: a_a
SLURM_CLUSTER_NAME: genius
SLURM_JOB_PARTITION: batch
SLURM_NNODES: 1
SLURM_NODELIST: r23i13n05
SLURM_JOB_CPUS_PER_NODE: 8
Date: Thu Jul  6 21:45:05 CEST 2023
Walltime: 00-10:30:00
========================================================================
06-Jul-23 21:45:07 - INFO - arguments: 
{'a': 'B',
 'b': None,
 'c': None,
 'd': '/scratch/leuven/348/vsc34807/oCelloscope/indow_6.pkl',
 'g': 'A',
 'i': '/data/leuven/348/vsc34807/aspergillus',
 'l': 'info',
 'm': '[2]',
 'n': 'vorico_debug_dip_graphs',
 'o': None,
 'p': None,
 'r': None,
 'rerun': None,
 's': '[0.0, 1.0, 0.01]',
 't': '(67000, 70000, 1800)',
 'x': None}
06-Jul-23 21:45:07 - INFO - Timepoints: start 67000, end 70000, step 1800: [67000, 68800]
06-Jul-23 21:45:07 - INFO - criterium/a = [('EA', 'min_distance')]
06-Jul-23 21:45:07 - INFO - Detect pattern: [False, True, True, True]
06-Jul-23 21:45:07 - INFO - Aspergillus dictionaries selected
06-Jul-23 21:45:07 - INFO - Input directory: /data/leuven/348/vsc34807/aspergillus
06-Jul-23 21:45:07 - INFO - 30 file(s) found
06-Jul-23 21:45:07 - WARNING - No valid path or window value provided - data extraction dictionary will be created with default window size.
06-Jul-23 21:45:07 - INFO - Parameters to be extracted: ['BCA', 'BCANormalized', 'SESAfungi', 'SESAfungiNormalized', 'TA', 'TANormalized']
06-Jul-23 21:45:07 - INFO - Reading ASFU_S_1 (1/30)
06-Jul-23 21:45:07 - INFO - --- Extracting parameter BCA
06-Jul-23 21:45:07 - INFO - --- --- Antimycotic: A
06-Jul-23 21:45:07 - INFO - --- --- Antimycotic: B
06-Jul-23 21:45:07 - INFO - --- --- Antimycotic: C
06-Jul-23 21:45:07 - INFO - --- --- Antimycotic: D
06-Jul-23 21:45:07 - INFO - --- --- Antimycotic: E
06-Jul-23 21:45:07 - INFO - --- --- Antimycotic: F
06-Jul-23 21:45:07 - INFO - --- Extracting parameter BCANormalized
06-Jul-23 21:45:07 - INFO - --- --- Antimycotic: A
06-Jul-23 21:45:08 - INFO - --- --- Antimycotic: B
06-Jul-23 21:45:08 - INFO - --- --- Antimycotic: C
06-Jul-23 21:45:08 - INFO - --- --- Antimycotic: D
06-Jul-23 21:45:08 - INFO - --- --- Antimycotic: E
06-Jul-23 21:45:08 - INFO - --- --- Antimycotic: F
06-Jul-23 21:45:08 - INFO - --- Extracting parameter SESAfungi
06-Jul-23 21:45:08 - INFO - --- --- Antimycotic: A
06-Jul-23 21:45:08 - INFO - --- --- Antimycotic: B
06-Jul-23 21:45:08 - INFO - --- --- Antimycotic: C
06-Jul-23 21:45:08 - INFO - --- --- Antimycotic: D
06-Jul-23 21:45:08 - INFO - --- --- Antimycotic: E
06-Jul-23 21:45:08 - INFO - --- --- Antimycotic: F
06-Jul-23 21:45:08 - INFO - --- Extracting parameter SESAfungiNormalized
06-Jul-23 21:45:08 - INFO - --- --- Antimycotic: A
06-Jul-23 21:45:08 - INFO - --- --- Antimycotic: B
06-Jul-23 21:45:08 - INFO - --- --- Antimycotic: C
06-Jul-23 21:45:08 - INFO - --- --- Antimycotic: D
06-Jul-23 21:45:08 - INFO - --- --- Antimycotic: E
06-Jul-23 21:45:08 - INFO - --- --- Antimycotic: F
06-Jul-23 21:45:08 - INFO - --- Extracting parameter TA
06-Jul-23 21:45:08 - INFO - --- --- Antimycotic: A
06-Jul-23 21:45:08 - INFO - --- --- Antimycotic: B
06-Jul-23 21:45:08 - INFO - --- --- Antimycotic: C
06-Jul-23 21:45:08 - INFO - --- --- Antimycotic: D
06-Jul-23 21:45:08 - INFO - --- --- Antimycotic: E
06-Jul-23 21:45:08 - INFO - --- --- Antimycotic: F
06-Jul-23 21:45:08 - INFO - --- Extracting parameter TANormalized
06-Jul-23 21:45:08 - INFO - --- --- Antimycotic: A
06-Jul-23 21:45:09 - INFO - --- --- Antimycotic: B
06-Jul-23 21:45:09 - INFO - --- --- Antimycotic: C
06-Jul-23 21:45:09 - INFO - --- --- Antimycotic: D
06-Jul-23 21:45:09 - INFO - --- --- Antimycotic: E
06-Jul-23 21:45:09 - INFO - --- --- Antimycotic: F
06-Jul-23 21:45:09 - INFO - Reading ASFU_R_TR34_1 (2/30)
06-Jul-23 21:45:09 - INFO - --- Extracting parameter BCA
06-Jul-23 21:45:09 - INFO - --- --- Antimycotic: A
Traceback (most recent call last):
  File "/data/leuven/348/vsc34807/miniconda3/envs/ocelloscope/bin/oCelloscope_bin/set_thresh.py", line 219, in <module>
    d = data_extraction.extract_derive_parameters(input_dir, filelist, parameters_to_extract, antimycotics_dict, window, ref_wells, training_files, MIC_dict)
  File "/vsc-hard-mounts/leuven-data/348/vsc34807/miniconda3/envs/ocelloscope/bin/oCelloscope_bin/oCelloscope_tools/data_extraction.py", line 292, in extract_derive_parameters
    extract_parameter(d, df, parameter, file, antimycotics, window, well_names, MIC_dict, training_files)
  File "/vsc-hard-mounts/leuven-data/348/vsc34807/miniconda3/envs/ocelloscope/bin/oCelloscope_bin/oCelloscope_tools/data_extraction.py", line 220, in extract_parameter
    MIC_column = int(MIC_dict[file][antimycotic][1:])
ValueError: invalid literal for int() with base 10: 'NVALID RESULT - EXCLUDE STRAIN'
