SLURM_JOB_ID: 55141818
SLURM_JOB_USER: vsc34807
SLURM_JOB_ACCOUNT: lp_ea_group
SLURM_JOB_NAME: a_a
SLURM_CLUSTER_NAME: genius
SLURM_JOB_PARTITION: batch
SLURM_NNODES: 1
SLURM_NODELIST: r23i13n05
SLURM_JOB_CPUS_PER_NODE: 8
Date: Thu Jul  6 21:33:53 CEST 2023
Walltime: 00-10:30:00
========================================================================
06-Jul-23 21:33:56 - INFO - arguments: 
{'a': 'B',
 'b': None,
 'c': None,
 'd': '/scratch/leuven/348/vsc34807/oCelloscope/genus_A_d_window_6.pkl',
 'g': 'A',
 'i': '/data/leuven/348/vsc34807/aspergillus',
 'l': 'info',
 'm': '[2]',
 'n': 'vorico_debug_dip_graphs',
 'o': None,
 'p': None,
 'r': None,
 'rerun': None,
 's': '[0.0, 1.0, 0.01]',
 't': '(67000, 70000, 1800)',
 'x': None}
06-Jul-23 21:33:56 - INFO - Timepoints: start 67000, end 70000, step 1800: [67000, 68800]
06-Jul-23 21:33:56 - INFO - criterium/a = [('EA', 'min_distance')]
06-Jul-23 21:33:56 - INFO - Detect pattern: [False, True, True, True]
06-Jul-23 21:33:56 - INFO - Aspergillus dictionaries selected
06-Jul-23 21:33:56 - INFO - Input directory: /data/leuven/348/vsc34807/aspergillus
06-Jul-23 21:33:56 - INFO - 30 file(s) found
06-Jul-23 21:33:56 - INFO - Dictionary with extracted data provided at /scratch/leuven/348/vsc34807/oCelloscope/genus_A_d_window_6.pkl. Loading ...
06-Jul-23 21:33:57 - INFO - Parameters to be extracted: ['BCA', 'BCANormalized', 'SESAfungi', 'SESAfungiNormalized', 'TA', 'TANormalized']
06-Jul-23 21:33:57 - INFO - Multiple bias correction requested for range [-2, -1, 0, 1, 2]
06-Jul-23 21:33:57 - INFO - Predicting 42 derived parameter(s)
06-Jul-23 21:33:57 - INFO - Training? True
06-Jul-23 21:33:57 - INFO - Timepoint 67000
06-Jul-23 21:33:57 - INFO - --- Antimycotic: B
06-Jul-23 21:33:57 - INFO - --- --- Files with available data (30)
06-Jul-23 21:33:57 - INFO - --- --- No data available for []
06-Jul-23 21:33:57 - INFO - --- --- Files with available data and breakpoint (30)
06-Jul-23 21:33:57 - INFO - --- --- --- Categorise ASFU_S_5
06-Jul-23 21:33:57 - INFO - --- --- --- Categorise ASFU_S_7
06-Jul-23 21:33:58 - INFO - --- --- --- Categorise ASFU_R_TR46_21
06-Jul-23 21:33:58 - INFO - --- --- --- Categorise ASFU_R_TR46_18
06-Jul-23 21:33:58 - INFO - --- --- --- Categorise ASFU_R_TR46_16
06-Jul-23 21:33:59 - INFO - --- --- --- Categorise ASFU_R_TR34_4
06-Jul-23 21:33:59 - INFO - --- --- --- Categorise ASFU_R_TR34_8
06-Jul-23 21:33:59 - INFO - --- --- --- Categorise ASFU_S_4
06-Jul-23 21:33:59 - INFO - --- --- --- Categorise ASFU_R_TR46_17
06-Jul-23 21:34:00 - INFO - --- --- --- Categorise ASFU_R_TR46_14
06-Jul-23 21:34:00 - INFO - --- --- --- Categorise ASFU_R_TR46_20
06-Jul-23 21:34:00 - INFO - --- --- --- Categorise ASFU_R_TR34_5
06-Jul-23 21:34:01 - INFO - --- --- --- Categorise ASFU_R_TR34_3
06-Jul-23 21:34:01 - INFO - --- --- --- Categorise ASFU_R_TR34_10
06-Jul-23 21:34:01 - INFO - --- --- --- Categorise ASFU_R_TR34_2
06-Jul-23 21:34:02 - INFO - --- --- --- Categorise ASFU_R_TR34_12
06-Jul-23 21:34:02 - INFO - --- --- --- Categorise ASFU_R_TR34_11
06-Jul-23 21:34:02 - INFO - --- --- --- Categorise ASFU_R_TR46_19
06-Jul-23 21:34:02 - INFO - --- --- --- Categorise ASFU_R_TR34_9
06-Jul-23 21:34:03 - INFO - --- --- --- Categorise ASFU_R_TR46_15
06-Jul-23 21:34:03 - INFO - --- --- --- Categorise ASFU_R_TR34_7
06-Jul-23 21:34:03 - INFO - --- --- --- Categorise ASFU_ATCC_204305_S
06-Jul-23 21:34:04 - INFO - --- --- --- Categorise ASFU_S_1
06-Jul-23 21:34:04 - INFO - --- --- --- Categorise ASFU_S_6
06-Jul-23 21:34:04 - INFO - --- --- --- Categorise ASFU_S_3
06-Jul-23 21:34:05 - INFO - --- --- --- Categorise ASFU_R_TR34_6
06-Jul-23 21:34:05 - INFO - --- --- --- Categorise ASFU_R_TR34_13
06-Jul-23 21:34:05 - INFO - --- --- --- Categorise ASFU_R_unknown_22
06-Jul-23 21:34:05 - INFO - --- --- --- Categorise ASFU_S_2
06-Jul-23 21:34:06 - INFO - --- --- --- Categorise ASFU_R_TR34_1
Traceback (most recent call last):
  File "/data/leuven/348/vsc34807/miniconda3/envs/ocelloscope/bin/oCelloscope_bin/set_thresh.py", line 360, in <module>
    no_data_for_timepoint, thresh_dict = predict.predict(timepoint, antimycotic, files_with_data, parameters_to_predict, ref_wells, steps, thresholds, di, MIC_dict, breakpoint_dict, threshold_dict, d, species_dict, output_dir, bias, eucast, pattern, multiple_unpenalized)
  File "/vsc-hard-mounts/leuven-data/348/vsc34807/miniconda3/envs/ocelloscope/bin/oCelloscope_bin/oCelloscope_tools/predict.py", line 315, in predict
    eucast_threshold_dict = categorise(antimycotic, filelist, thresholds, parameters, timepoint, di, d, eucast)
  File "/vsc-hard-mounts/leuven-data/348/vsc34807/miniconda3/envs/ocelloscope/bin/oCelloscope_bin/oCelloscope_tools/predict.py", line 270, in categorise
    index = get_index(timepoint, file, d)
  File "/vsc-hard-mounts/leuven-data/348/vsc34807/miniconda3/envs/ocelloscope/bin/oCelloscope_bin/oCelloscope_tools/predict.py", line 184, in get_index
    time_column = d[file]
KeyError: 'ASFU_R_TR34_1'
