SLURM_JOB_ID: 55131438
SLURM_JOB_USER: vsc34807
SLURM_JOB_ACCOUNT: lp_ea_group
SLURM_JOB_NAME: a_a
SLURM_CLUSTER_NAME: genius
SLURM_JOB_PARTITION: batch
SLURM_NNODES: 1
SLURM_NODELIST: r23i27n02
SLURM_JOB_CPUS_PER_NODE: 8
Date: Tue Jun 27 23:21:47 CEST 2023
Walltime: 01-06:30:00
========================================================================
27-Jun-23 23:21:48 - INFO - arguments: 
{'a': 'B',
 'b': None,
 'c': None,
 'd': '/scratch/leuven/348/vsc34807/oCelloscope/genus_A_d_window_6.pkl',
 'g': 'C',
 'i': '/data/leuven/348/vsc34807/aspergillus',
 'l': 'info',
 'm': '[2]',
 'n': '27_jun_prop_m2',
 'o': None,
 'p': None,
 'r': None,
 'rerun': None,
 's': '[0.0, 1.0, 0.01]',
 't': '(18000, 87000, 1800)',
 'x': None}
27-Jun-23 23:21:48 - INFO - Timepoints: start 18000, end 87000, step 1800: [18000, 19800, 21600, 23400, 25200, 27000, 28800, 30600, 32400, 34200, 36000, 37800, 39600, 41400, 43200, 45000, 46800, 48600, 50400, 52200, 54000, 55800, 57600, 59400, 61200, 63000, 64800, 66600, 68400, 70200, 72000, 73800, 75600, 77400, 79200, 81000, 82800, 84600, 86400]
27-Jun-23 23:21:48 - INFO - criterium/a = [('EA', 'min_distance')]
27-Jun-23 23:21:48 - INFO - Detect pattern: [False, True, True, True]
27-Jun-23 23:21:48 - INFO - Candida dictionaries selected
27-Jun-23 23:21:48 - INFO - Input directory: /data/leuven/348/vsc34807/aspergillus
27-Jun-23 23:21:48 - INFO - 30 file(s) found
27-Jun-23 23:21:48 - INFO - Dictionary with extracted data provided at /scratch/leuven/348/vsc34807/oCelloscope/genus_A_d_window_6.pkl. Loading ...
27-Jun-23 23:21:50 - INFO - Parameters to be extracted: ['BCA', 'BCANormalized', 'SESAfungi', 'SESAfungiNormalized', 'TA', 'TANormalized']
27-Jun-23 23:21:50 - INFO - Multiple bias correction requested for range [-2, -1, 0, 1, 2]
27-Jun-23 23:21:50 - INFO - Predicting 42 derived parameter(s)
27-Jun-23 23:21:50 - INFO - Training? True
27-Jun-23 23:21:50 - INFO - Timepoint 18000
27-Jun-23 23:21:50 - INFO - --- Antimycotic: B
Traceback (most recent call last):
  File "/data/leuven/348/vsc34807/miniconda3/envs/ocelloscope/bin/oCelloscope_bin/set_thresh.py", line 349, in <module>
    files_with_data, files_with_breakpoint = get_denominators(antimycotic)
  File "/data/leuven/348/vsc34807/miniconda3/envs/ocelloscope/bin/oCelloscope_bin/set_thresh.py", line 288, in get_denominators
    species = species_dict[file]
KeyError: 'ASFU_S_1'
